EVA2_1_IDENTIDAD_REFERENCIAL_MYSQL

Microsoft Windows [Versión 10.0.22631.4169]
(c) Microsoft Corporation. Todos los derechos reservados.

C:\Users\estra>mysql
"mysql" no se reconoce como un comando interno o externo,
programa o archivo por lotes ejecutable.

C:\Users\estra>mysqlsh
MySQL Shell 8.0.38

Copyright (c) 2016, 2024, Oracle and/or its affiliates.
Oracle is a registered trademark of Oracle Corporation and/or its affiliates.
Other names may be trademarks of their respective owners.

Type '\help' or '\?' for help; '\quit' to exit.
 MySQL  JS > mysql
<mysql>
 MySQL  JS > :
SyntaxError: Unexpected token ':'
 MySQL  JS > ;
 MySQL  JS > \mysql
Unknown command: '\mysql'
 MySQL  JS > \sql
Switching to SQL mode... Commands end with ;
 MySQL  SQL > \connect --mc root@localhost
Creating a Classic session to 'root@localhost'
Fetching global names for auto-completion... Press ^C to stop.
Your MySQL connection id is 8
Server version: 8.0.39 MySQL Community Server - GPL
No default schema selected; type \use <schema> to set one.
 MySQL  localhost:3306 ssl  SQL > create database tbd_e2;
Query OK, 1 row affected (0.0153 sec)
 MySQL  localhost:3306 ssl  SQL > use tbd_e2
Default schema set to `tbd_e2`.
Fetching global names, object names from `tbd_e2` for auto-completion... Press ^C to stop.
 MySQL  localhost:3306 ssl  tbd_e2  SQL > use tbd_e2;
Default schema set to `tbd_e2`.
Fetching global names, object names from `tbd_e2` for auto-completion... Press ^C to stop.
 MySQL  localhost:3306 ssl  tbd_e2  SQL > create table cliente(
                                       -> id int key auto_increment,
                                       -> name varchar(30) not null,
                                       -> apellidos varchar(30),
                                       -> RFC varchar(13) not null);
Query OK, 0 rows affected (0.0362 sec)
 MySQL  localhost:3306 ssl  tbd_e2  SQL > desc cliente;
+-----------+-------------+------+-----+---------+----------------+
| Field     | Type        | Null | Key | Default | Extra          |
+-----------+-------------+------+-----+---------+----------------+
| id        | int         | NO   | PRI | NULL    | auto_increment |
| name      | varchar(30) | NO   |     | NULL    |                |
| apellidos | varchar(30) | YES  |     | NULL    |                |
| RFC       | varchar(13) | NO   |     | NULL    |                |
+-----------+-------------+------+-----+---------+----------------+
4 rows in set (0.0155 sec)
 MySQL  localhost:3306 ssl  tbd_e2  SQL > insert into cliente(name,apellidos,RFC) value('Alejandro','Estrada','PGON25TJ5W');
Query OK, 1 row affected (0.0382 sec)
 MySQL  localhost:3306 ssl  tbd_e2  SQL > select * from cliente;
+----+-----------+-----------+------------+
| id | name      | apellidos | RFC        |
+----+-----------+-----------+------------+
|  1 | Alejandro | Estrada   | PGON25TJ5W |
+----+-----------+-----------+------------+
1 row in set (0.0009 sec)
 MySQL  localhost:3306 ssl  tbd_e2  SQL > insert into cliente(name,apellidos,RFC) value('Isaac','Guzman','KGHSGF52DO3');

Query OK, 1 row affected (0.0143 sec)
 MySQL  localhost:3306 ssl  tbd_e2  SQL > create table fatura;
ERROR: 4028 (HY000): A table must have at least one visible column.
 MySQL  localhost:3306 ssl  tbd_e2  SQL > create table fatura(id int key auto_increment,
                                       ->
                                       ->
                                       -> ;
ERROR: 1064 (42000): You have an error in your SQL syntax; check the manual that corresponds to your MySQL server version for the right syntax to use near '' at line 1
 MySQL  localhost:3306 ssl  tbd_e2  SQL > create table fatura(folio int key auto_increment, idCliente int not null,foreign key (idCliente) references cliente (id);
ERROR: 1064 (42000): You have an error in your SQL syntax; check the manual that corresponds to your MySQL server version for the right syntax to use near '' at line 1
 MySQL  localhost:3306 ssl  tbd_e2  SQL > create table fatura(folio int key auto_increment, idCliente int not null,foreign key (idCliente) references cliente (id));
Query OK, 0 rows affected (0.0486 sec)
 MySQL  localhost:3306 ssl  tbd_e2  SQL > show tables;
+------------------+
| Tables_in_tbd_e2 |
+------------------+
| cliente          |
| fatura           |
+------------------+
2 rows in set (0.0295 sec)
 MySQL  localhost:3306 ssl  tbd_e2  SQL > select * from factura;
ERROR: 1146 (42S02): Table 'tbd_e2.factura' doesn't exist
 MySQL  localhost:3306 ssl  tbd_e2  SQL > select * from fatura;
Empty set (0.0021 sec)
 MySQL  localhost:3306 ssl  tbd_e2  SQL > show create table fatura;
+--------+------------------------------------------------------------------------------------------------------------------------------------------------------------------------------------------------------------------------------------------------------------------------------------------------------------+
| Table  | Create Table

                                                                      |
+--------+------------------------------------------------------------------------------------------------------------------------------------------------------------------------------------------------------------------------------------------------------------------------------------------------------------+
| fatura | CREATE TABLE `fatura` (
  `folio` int NOT NULL AUTO_INCREMENT,
  `idCliente` int NOT NULL,
  PRIMARY KEY (`folio`),
  KEY `idCliente` (`idCliente`),
  CONSTRAINT `fatura_ibfk_1` FOREIGN KEY (`idCliente`) REFERENCES `cliente` (`id`)
) ENGINE=InnoDB DEFAULT CHARSET=utf8mb4 COLLATE=utf8mb4_0900_ai_ci |
+--------+------------------------------------------------------------------------------------------------------------------------------------------------------------------------------------------------------------------------------------------------------------------------------------------------------------+
1 row in set (0.0012 sec)
 MySQL  localhost:3306 ssl  tbd_e2  SQL > insert into fatura(idCliente) value(1);
Query OK, 1 row affected (0.0135 sec)
 MySQL  localhost:3306 ssl  tbd_e2  SQL > show table fatura;
ERROR: 1064 (42000): You have an error in your SQL syntax; check the manual that corresponds to your MySQL server version for the right syntax to use near 'fatura' at line 1
 MySQL  localhost:3306 ssl  tbd_e2  SQL > insert into fatura (idCliente) value(1),(2),(1);
Query OK, 3 rows affected (0.0058 sec)

Records: 3  Duplicates: 0  Warnings: 0
 MySQL  localhost:3306 ssl  tbd_e2  SQL > select * from fatura;
+-------+-----------+
| folio | idCliente |
+-------+-----------+
|     1 |         1 |
|     2 |         1 |
|     4 |         1 |
|     3 |         2 |
+-------+-----------+
4 rows in set (0.0008 sec)
 MySQL  localhost:3306 ssl  tbd_e2  SQL > delete from cliente where id =1;
ERROR: 1451 (23000): Cannot delete or update a parent row: a foreign key constraint fails (`tbd_e2`.`fatura`, CONSTRAINT `fatura_ibfk_1` FOREIGN KEY (`idCliente`) REFERENCES `cliente` (`id`))
 MySQL  localhost:3306 ssl  tbd_e2  SQL > delete from fatura where idCliente =1;
Query OK, 3 rows affected (0.0141 sec)
 MySQL  localhost:3306 ssl  tbd_e2  SQL > delete from cliente where id =1;
Query OK, 1 row affected (0.0139 sec)
 MySQL  localhost:3306 ssl  tbd_e2  SQL > show create table fatura;
+--------+-----------------------------------------------------------------------------------------------------------------------------------------------------------------------------------------------------------------------------------------------------------------------------------------------------------------------------+
| Table  | Create Table

                                                                                       |
+--------+-----------------------------------------------------------------------------------------------------------------------------------------------------------------------------------------------------------------------------------------------------------------------------------------------------------------------------+
| fatura | CREATE TABLE `fatura` (
  `folio` int NOT NULL AUTO_INCREMENT,
  `idCliente` int NOT NULL,
  PRIMARY KEY (`folio`),
  KEY `idCliente` (`idCliente`),
  CONSTRAINT `fatura_ibfk_1` FOREIGN KEY (`idCliente`) REFERENCES `cliente` (`id`)
) ENGINE=InnoDB AUTO_INCREMENT=5 DEFAULT CHARSET=utf8mb4 COLLATE=utf8mb4_0900_ai_ci |
+--------+-----------------------------------------------------------------------------------------------------------------------------------------------------------------------------------------------------------------------------------------------------------------------------------------------------------------------------+
1 row in set (0.0014 sec)
 MySQL  localhost:3306 ssl  tbd_e2  SQL > alter table fatura drop constraint fatura_ibfk_1;
Query OK, 0 rows affected (0.0349 sec)

Records: 0  Duplicates: 0  Warnings: 0
 MySQL  localhost:3306 ssl  tbd_e2  SQL > show create table fatura;
+--------+-----------------------------------------------------------------------------------------------------------------------------------------------------------------------------------------------------------------------------------------+
| Table  | Create Table

   |
+--------+-----------------------------------------------------------------------------------------------------------------------------------------------------------------------------------------------------------------------------------------+
| fatura | CREATE TABLE `fatura` (
  `folio` int NOT NULL AUTO_INCREMENT,
  `idCliente` int NOT NULL,
  PRIMARY KEY (`folio`),
  KEY `idCliente` (`idCliente`)
) ENGINE=InnoDB AUTO_INCREMENT=5 DEFAULT CHARSET=utf8mb4 COLLATE=utf8mb4_0900_ai_ci |
+--------+-----------------------------------------------------------------------------------------------------------------------------------------------------------------------------------------------------------------------------------------+
1 row in set (0.0011 sec)
 MySQL  localhost:3306 ssl  tbd_e2  SQL > insert into fatura(idCliente) value(5);
Query OK, 1 row affected (0.0126 sec)
 MySQL  localhost:3306 ssl  tbd_e2  SQL > select * from fatura;
+-------+-----------+
| folio | idCliente |
+-------+-----------+
|     3 |         2 |
|     5 |         5 |
+-------+-----------+
2 rows in set (0.0008 sec)
 MySQL  localhost:3306 ssl  tbd_e2  SQL > select * from cliente;
+----+-------+-----------+-------------+
| id | name  | apellidos | RFC         |
+----+-------+-----------+-------------+
|  2 | Isaac | Guzman    | KGHSGF52DO3 |
+----+-------+-----------+-------------+
1 row in set (0.0020 sec)
 MySQL  localhost:3306 ssl  tbd_e2  SQL >