EVA2_2_Identidad_referencial

Microsoft Windows [Versión 10.0.22631.4169]
(c) Microsoft Corporation. Todos los derechos reservados.

C:\Users\estra>mysqlsh
MySQL Shell 8.0.38

Copyright (c) 2016, 2024, Oracle and/or its affiliates.
Oracle is a registered trademark of Oracle Corporation and/or its affiliates.
Other names may be trademarks of their respective owners.

Type '\help' or '\?' for help; '\quit' to exit.
 MySQL  JS > \mysql
Unknown command: '\mysql'
 MySQL  JS > mysql;
<mysql>
 MySQL  JS > \sql
Switching to SQL mode... Commands end with ;
 MySQL  SQL > \connect --mc root@localhost
Creating a Classic session to 'root@localhost'
Fetching global names for auto-completion... Press ^C to stop.
Your MySQL connection id is 8
Server version: 8.0.39 MySQL Community Server - GPL
No default schema selected; type \use <schema> to set one.
 MySQL  localhost:3306 ssl  SQL > use tbd_e2;
Default schema set to `tbd_e2`.
Fetching global names, object names from `tbd_e2` for auto-completion... Press ^C to stop.
 MySQL  localhost:3306 ssl  tbd_e2  SQL > show create tables fatura;
ERROR: 1064 (42000): You have an error in your SQL syntax; check the manual that corresponds to your MySQL server version for the right syntax to use near 'tables fatura' at line 1
 MySQL  localhost:3306 ssl  tbd_e2  SQL > show create fatura;
ERROR: 1064 (42000): You have an error in your SQL syntax; check the manual that corresponds to your MySQL server version for the right syntax to use near 'fatura' at line 1
 MySQL  localhost:3306 ssl  tbd_e2  SQL > show create table fatura;
+--------+-----------------------------------------------------------------------------------------------------------------------------------------------------------------------------------------------------------------------------------------+
| Table  | Create Table

   |
+--------+-----------------------------------------------------------------------------------------------------------------------------------------------------------------------------------------------------------------------------------------+
| fatura | CREATE TABLE `fatura` (
  `folio` int NOT NULL AUTO_INCREMENT,
  `idCliente` int NOT NULL,
  PRIMARY KEY (`folio`),
  KEY `idCliente` (`idCliente`)
) ENGINE=InnoDB AUTO_INCREMENT=6 DEFAULT CHARSET=utf8mb4 COLLATE=utf8mb4_0900_ai_ci |
+--------+-----------------------------------------------------------------------------------------------------------------------------------------------------------------------------------------------------------------------------------------+
1 row in set (0.0087 sec)
 MySQL  localhost:3306 ssl  tbd_e2  SQL > alter table fatura
                                       -> add constraint foreign key (idcliente)
                                       -> references cliente (id);
ERROR: 1452 (23000): Cannot add or update a child row: a foreign key constraint fails (`tbd_e2`.`#sql-169c_8`, CONSTRAINT `fatura_ibfk_1` FOREIGN KEY (`idCliente`) REFERENCES `cliente` (`id`))
 MySQL  localhost:3306 ssl  tbd_e2  SQL > delete from fatura
                                       -> where idcliente = 5;
Query OK, 1 row affected (0.0064 sec)
 MySQL  localhost:3306 ssl  tbd_e2  SQL > select * from fatura;
+-------+-----------+
| folio | idCliente |
+-------+-----------+
|     3 |         2 |
+-------+-----------+
1 row in set (0.0009 sec)
 MySQL  localhost:3306 ssl  tbd_e2  SQL > alter table fatura add constraint foreign key (idcliente) references cliente (id);
Query OK, 1 row affected (0.1406 sec)

Records: 1  Duplicates: 0  Warnings: 0
 MySQL  localhost:3306 ssl  tbd_e2  SQL > show create table fatura;
+--------+-----------------------------------------------------------------------------------------------------------------------------------------------------------------------------------------------------------------------------------------------------------------------------------------------------------------------------+
| Table  | Create Table

                                                                                       |
+--------+-----------------------------------------------------------------------------------------------------------------------------------------------------------------------------------------------------------------------------------------------------------------------------------------------------------------------------+
| fatura | CREATE TABLE `fatura` (
  `folio` int NOT NULL AUTO_INCREMENT,
  `idCliente` int NOT NULL,
  PRIMARY KEY (`folio`),
  KEY `idCliente` (`idCliente`),
  CONSTRAINT `fatura_ibfk_1` FOREIGN KEY (`idCliente`) REFERENCES `cliente` (`id`)
) ENGINE=InnoDB AUTO_INCREMENT=6 DEFAULT CHARSET=utf8mb4 COLLATE=utf8mb4_0900_ai_ci |
+--------+-----------------------------------------------------------------------------------------------------------------------------------------------------------------------------------------------------------------------------------------------------------------------------------------------------------------------------+
1 row in set (0.0012 sec)
 MySQL  localhost:3306 ssl  tbd_e2  SQL > alter table fatura drop constraint fatura_ibfk_1;
Query OK, 0 rows affected (0.0431 sec)

Records: 0  Duplicates: 0  Warnings: 0
 MySQL  localhost:3306 ssl  tbd_e2  SQL > alter table fatura add constraint foreign key (idcliente) references cliente (id) on delete restrict on update restrict;
Query OK, 1 row affected (0.0619 sec)

Records: 1  Duplicates: 0  Warnings: 0
 MySQL  localhost:3306 ssl  tbd_e2  SQL > show create table fatura;
+--------+-------------------------------------------------------------------------------------------------------------------------------------------------------------------------------------------------------------------------------------------------------------------------------------------------------------------------------------------------------------------+
| Table  | Create Table


     |
+--------+-------------------------------------------------------------------------------------------------------------------------------------------------------------------------------------------------------------------------------------------------------------------------------------------------------------------------------------------------------------------+
| fatura | CREATE TABLE `fatura` (
  `folio` int NOT NULL AUTO_INCREMENT,
  `idCliente` int NOT NULL,
  PRIMARY KEY (`folio`),
  KEY `idCliente` (`idCliente`),
  CONSTRAINT `fatura_ibfk_1` FOREIGN KEY (`idCliente`) REFERENCES `cliente` (`id`) ON DELETE RESTRICT ON UPDATE RESTRICT
) ENGINE=InnoDB AUTO_INCREMENT=6 DEFAULT CHARSET=utf8mb4 COLLATE=utf8mb4_0900_ai_ci |
+--------+-------------------------------------------------------------------------------------------------------------------------------------------------------------------------------------------------------------------------------------------------------------------------------------------------------------------------------------------------------------------+
1 row in set (0.0008 sec)
 MySQL  localhost:3306 ssl  tbd_e2  SQL > select * from fatura;
+-------+-----------+
| folio | idCliente |
+-------+-----------+
|     3 |         2 |
+-------+-----------+
1 row in set (0.0006 sec)
 MySQL  localhost:3306 ssl  tbd_e2  SQL > select * from cliente;
+----+-------+-----------+-------------+
| id | name  | apellidos | RFC         |
+----+-------+-----------+-------------+
|  2 | Isaac | Guzman    | KGHSGF52DO3 |
+----+-------+-----------+-------------+
1 row in set (0.0019 sec)
 MySQL  localhost:3306 ssl  tbd_e2  SQL > delete from cliente where = 2;
ERROR: 1064 (42000): You have an error in your SQL syntax; check the manual that corresponds to your MySQL server version for the right syntax to use near '= 2' at line 1
 MySQL  localhost:3306 ssl  tbd_e2  SQL > update cliente set
                                       -> id =5
                                       -> where id =2;
ERROR: 1451 (23000): Cannot delete or update a parent row: a foreign key constraint fails (`tbd_e2`.`fatura`, CONSTRAINT `fatura_ibfk_1` FOREIGN KEY (`idCliente`) REFERENCES `cliente` (`id`) ON DELETE RESTRICT ON UPDATE RESTRICT)
 MySQL  localhost:3306 ssl  tbd_e2  SQL > alter table fatura drop constraint fatura_ibfk_1;
Query OK, 0 rows affected (0.0089 sec)

Records: 0  Duplicates: 0  Warnings: 0
 MySQL  localhost:3306 ssl  tbd_e2  SQL > alter table fatura
                                       -> add constraint foreign key(idcliente)
                                       -> references cliente (id)
                                       -> on delete cascade
                                       -> on update cascade;
Query OK, 1 row affected (0.0554 sec)

Records: 1  Duplicates: 0  Warnings: 0
 MySQL  localhost:3306 ssl  tbd_e2  SQL > update cliente
                                       -> set
                                       -> id = 5
                                       -> where id = 2;
Query OK, 1 row affected (0.0042 sec)

Rows matched: 1  Changed: 1  Warnings: 0
 MySQL  localhost:3306 ssl  tbd_e2  SQL > select * from cleinte;
ERROR: 1146 (42S02): Table 'tbd_e2.cleinte' doesn't exist
 MySQL  localhost:3306 ssl  tbd_e2  SQL > select * from cliente;
+----+-------+-----------+-------------+
| id | name  | apellidos | RFC         |
+----+-------+-----------+-------------+
|  5 | Isaac | Guzman    | KGHSGF52DO3 |
+----+-------+-----------+-------------+
1 row in set (0.0006 sec)
 MySQL  localhost:3306 ssl  tbd_e2  SQL > select * from fatura;
+-------+-----------+
| folio | idCliente |
+-------+-----------+
|     3 |         5 |
+-------+-----------+
1 row in set (0.0005 sec)
 MySQL  localhost:3306 ssl  tbd_e2  SQL > delete from cliente ;
Query OK, 1 row affected (0.0184 sec)
 MySQL  localhost:3306 ssl  tbd_e2  SQL > show create table fatura;
+--------+-----------------------------------------------------------------------------------------------------------------------------------------------------------------------------------------------------------------------------------------------------------------------------------------------------------------------------------------------------------------+
| Table  | Create Table


   |
+--------+-----------------------------------------------------------------------------------------------------------------------------------------------------------------------------------------------------------------------------------------------------------------------------------------------------------------------------------------------------------------+
| fatura | CREATE TABLE `fatura` (
  `folio` int NOT NULL AUTO_INCREMENT,
  `idCliente` int NOT NULL,
  PRIMARY KEY (`folio`),
  KEY `idCliente` (`idCliente`),
  CONSTRAINT `fatura_ibfk_1` FOREIGN KEY (`idCliente`) REFERENCES `cliente` (`id`) ON DELETE CASCADE ON UPDATE CASCADE
) ENGINE=InnoDB AUTO_INCREMENT=6 DEFAULT CHARSET=utf8mb4 COLLATE=utf8mb4_0900_ai_ci |
+--------+-----------------------------------------------------------------------------------------------------------------------------------------------------------------------------------------------------------------------------------------------------------------------------------------------------------------------------------------------------------------+
1 row in set (0.0008 sec)
 MySQL  localhost:3306 ssl  tbd_e2  SQL > alter table fatura
                                       -> drop constraint fatura_ibfk_1;
Query OK, 0 rows affected (0.0188 sec)

Records: 0  Duplicates: 0  Warnings: 0
 MySQL  localhost:3306 ssl  tbd_e2  SQL > desc cliente;
+-----------+-------------+------+-----+---------+----------------+
| Field     | Type        | Null | Key | Default | Extra          |
+-----------+-------------+------+-----+---------+----------------+
| id        | int         | NO   | PRI | NULL    | auto_increment |
| name      | varchar(30) | NO   |     | NULL    |                |
| apellidos | varchar(30) | YES  |     | NULL    |                |
| RFC       | varchar(13) | NO   |     | NULL    |                |
+-----------+-------------+------+-----+---------+----------------+
4 rows in set (0.0025 sec)
 MySQL  localhost:3306 ssl  tbd_e2  SQL > insert into cliente (nombre, apellidos, rfc) value ('Alejandro','Estrada','GLJDITKOUL');
ERROR: 1054 (42S22): Unknown column 'nombre' in 'field list'
 MySQL  localhost:3306 ssl  tbd_e2  SQL > insert into cliente (name, apellidos, rfc) value ('Alejandro','Estrada','GLJDITKOUL');
Query OK, 1 row affected (0.0130 sec)
 MySQL  localhost:3306 ssl  tbd_e2  SQL > insert into cliente (name, apellidos, rfc) value ('Isaac','Guzman','JGHDORNT84NTJ');
Query OK, 1 row affected (0.0135 sec)
 MySQL  localhost:3306 ssl  tbd_e2  SQL > insert into fatura (idcliente) values (5),(5),(9),(1),(3),(5);
Query OK, 6 rows affected (0.0127 sec)

Records: 6  Duplicates: 0  Warnings: 0
 MySQL  localhost:3306 ssl  tbd_e2  SQL > alter table fatura
                                       -> add constraint foreign key(id)
                                       -> on delete set no action
                                       -> on update set no action;
ERROR: 1064 (42000): You have an error in your SQL syntax; check the manual that corresponds to your MySQL server version for the right syntax to use near 'on delete set no action
on update set no action' at line 3
 MySQL  localhost:3306 ssl  tbd_e2  SQL > alter table fatura add constraint foreign key(id) on delete no action on update no action;
ERROR: 1064 (42000): You have an error in your SQL syntax; check the manual that corresponds to your MySQL server version for the right syntax to use near 'on delete no action on update no action' at line 1
 MySQL  localhost:3306 ssl  tbd_e2  SQL > alter table fatura add constraint foreign key cliente(id) on delete no action on update no action;
ERROR: 1064 (42000): You have an error in your SQL syntax; check the manual that corresponds to your MySQL server version for the right syntax to use near 'on delete no action on update no action' at line 1
 MySQL  localhost:3306 ssl  tbd_e2  SQL > alter table fatura add constraint foreign key (id) references (idcliente) on delete no action on update no action;
ERROR: 1064 (42000): You have an error in your SQL syntax; check the manual that corresponds to your MySQL server version for the right syntax to use near '(idcliente) on delete no action on update no action' at line 1
 MySQL  localhost:3306 ssl  tbd_e2  SQL > alter table fatura add constraint foreign key (idcliente) references cliente (id) on delete cascade on update cascade;
ERROR: 1452 (23000): Cannot add or update a child row: a foreign key constraint fails (`tbd_e2`.`#sql-169c_8`, CONSTRAINT `fatura_ibfk_1` FOREIGN KEY (`idCliente`) REFERENCES `cliente` (`id`) ON DELETE CASCADE ON UPDATE CASCADE)
 MySQL  localhost:3306 ssl  tbd_e2  SQL > alter table fatura add constraint foreign key (idcliente) references cliente (id) on delete cascade on update cascade;
ERROR: 1452 (23000): Cannot add or update a child row: a foreign key constraint fails (`tbd_e2`.`#sql-169c_8`, CONSTRAINT `fatura_ibfk_1` FOREIGN KEY (`idCliente`) REFERENCES `cliente` (`id`) ON DELETE CASCADE ON UPDATE CASCADE)
 MySQL  localhost:3306 ssl  tbd_e2  SQL > alter table fatura add constraint foreign key (idcliente) references cliente (id) on delete cascade on update cascade;